Release 12.3 - xst M.70d (nt)
Copyright (c) 1995-2010 Xilinx, Inc.  All rights reserved.
--> Parameter TMPDIR set to xst/projnav.tmp


Total REAL time to Xst completion: 0.00 secs
Total CPU time to Xst completion: 0.05 secs
 
--> Parameter xsthdpdir set to xst


Total REAL time to Xst completion: 0.00 secs
Total CPU time to Xst completion: 0.05 secs
 
--> Reading design: P3_S2P_all.prj

TABLE OF CONTENTS
  1) Synthesis Options Summary
  2) HDL Compilation
  3) Design Hierarchy Analysis
  4) HDL Analysis
  5) HDL Synthesis
     5.1) HDL Synthesis Report
  6) Advanced HDL Synthesis
     6.1) Advanced HDL Synthesis Report
  7) Low Level Synthesis
  8) Partition Report
  9) Final Report
	9.1) Device utilization summary
	9.2) Partition Resource Summary
	9.3) TIMING REPORT


=========================================================================
*                      Synthesis Options Summary                        *
=========================================================================
---- Source Parameters
Input File Name                    : "P3_S2P_all.prj"
Input Format                       : mixed
Ignore Synthesis Constraint File   : NO

---- Target Parameters
Output File Name                   : "P3_S2P_all"
Output Format                      : NGC
Target Device                      : xc3s400-5-fg320

---- Source Options
Top Module Name                    : P3_S2P_all
Automatic FSM Extraction           : YES
FSM Encoding Algorithm             : Auto
Safe Implementation                : No
FSM Style                          : LUT
RAM Extraction                     : Yes
RAM Style                          : Auto
ROM Extraction                     : Yes
Mux Style                          : Auto
Decoder Extraction                 : YES
Priority Encoder Extraction        : Yes
Shift Register Extraction          : YES
Logical Shifter Extraction         : YES
XOR Collapsing                     : YES
ROM Style                          : Auto
Mux Extraction                     : Yes
Resource Sharing                   : YES
Asynchronous To Synchronous        : NO
Multiplier Style                   : Auto
Automatic Register Balancing       : No

---- Target Options
Add IO Buffers                     : YES
Global Maximum Fanout              : 500
Add Generic Clock Buffer(BUFG)     : 8
Register Duplication               : YES
Slice Packing                      : YES
Optimize Instantiated Primitives   : NO
Use Clock Enable                   : Yes
Use Synchronous Set                : Yes
Use Synchronous Reset              : Yes
Pack IO Registers into IOBs        : Auto
Equivalent register Removal        : YES

---- General Options
Optimization Goal                  : Speed
Optimization Effort                : 1
Keep Hierarchy                     : No
Netlist Hierarchy                  : As_Optimized
RTL Output                         : Yes
Global Optimization                : AllClockNets
Read Cores                         : YES
Write Timing Constraints           : NO
Cross Clock Analysis               : NO
Hierarchy Separator                : /
Bus Delimiter                      : <>
Case Specifier                     : Maintain
Slice Utilization Ratio            : 100
BRAM Utilization Ratio             : 100
Verilog 2001                       : YES
Auto BRAM Packing                  : NO
Slice Utilization Ratio Delta      : 5

=========================================================================


=========================================================================
*                          HDL Compilation                              *
=========================================================================
Compiling vhdl file "C:/Users/Usuari/Desktop/Practica/P3_morera_cots/P3_S2P.vhd" in Library work.
Architecture p3_s2p_beh of Entity p3_s2p is up to date.
Compiling vhdl file "C:/Users/Usuari/Desktop/Practica/P3_morera_cots/S2P_buffer.vhd" in Library work.
Architecture s2p_buffer_behavioral of Entity s2p_buffer is up to date.
Compiling vhdl file "C:/Users/Usuari/Desktop/Practica/P3_morera_cots/P3_S2P_all.vhd" in Library work.
Architecture behavioral of Entity p3_s2p_all is up to date.

=========================================================================
*                     Design Hierarchy Analysis                         *
=========================================================================
Analyzing hierarchy for entity <P3_S2P_all> in library <work> (architecture <behavioral>).

Analyzing hierarchy for entity <P3_S2P> in library <work> (architecture <p3_s2p_beh>).

Analyzing hierarchy for entity <S2P_buffer> in library <work> (architecture <s2p_buffer_behavioral>).


=========================================================================
*                            HDL Analysis                               *
=========================================================================
Analyzing Entity <P3_S2P_all> in library <work> (Architecture <behavioral>).
Entity <P3_S2P_all> analyzed. Unit <P3_S2P_all> generated.

Analyzing Entity <P3_S2P> in library <work> (Architecture <p3_s2p_beh>).
Entity <P3_S2P> analyzed. Unit <P3_S2P> generated.

Analyzing Entity <S2P_buffer> in library <work> (Architecture <s2p_buffer_behavioral>).
Entity <S2P_buffer> analyzed. Unit <S2P_buffer> generated.


=========================================================================
*                           HDL Synthesis                               *
=========================================================================

Performing bidirectional port resolution...

Synthesizing Unit <P3_S2P>.
    Related source file is "C:/Users/Usuari/Desktop/Practica/P3_morera_cots/P3_S2P.vhd".
    Found 64-bit register for signal <reg_int>.
    Summary:
	inferred  64 D-type flip-flop(s).
Unit <P3_S2P> synthesized.


Synthesizing Unit <S2P_buffer>.
    Related source file is "C:/Users/Usuari/Desktop/Practica/P3_morera_cots/S2P_buffer.vhd".
WARNING:Xst:647 - Input <data_s2p<43:32>> is never used. This port will be preserved and left unconnected if it belongs to a top-level block or it belongs to a sub-block and the hierarchy of this sub-block is preserved.
WARNING:Xst:647 - Input <data_s2p<11:0>> is never used. This port will be preserved and left unconnected if it belongs to a top-level block or it belongs to a sub-block and the hierarchy of this sub-block is preserved.
    Found 20-bit register for signal <data_L_temp>.
    Found 20-bit register for signal <data_R_temp>.
    Summary:
	inferred  40 D-type flip-flop(s).
Unit <S2P_buffer> synthesized.


Synthesizing Unit <P3_S2P_all>.
    Related source file is "C:/Users/Usuari/Desktop/Practica/P3_morera_cots/P3_S2P_all.vhd".
Unit <P3_S2P_all> synthesized.


=========================================================================
HDL Synthesis Report

Macro Statistics
# Registers                                            : 3
 20-bit register                                       : 2
 64-bit register                                       : 1

=========================================================================

=========================================================================
*                       Advanced HDL Synthesis                          *
=========================================================================


=========================================================================
Advanced HDL Synthesis Report

Macro Statistics
# Registers                                            : 104
 Flip-Flops                                            : 104

=========================================================================

=========================================================================
*                         Low Level Synthesis                           *
=========================================================================

Optimizing unit <P3_S2P_all> ...

Optimizing unit <P3_S2P> ...

Optimizing unit <S2P_buffer> ...

Mapping all equations...
Building and optimizing final netlist ...
Found area constraint ratio of 100 (+ 5) on block P3_S2P_all, actual ratio is 1.

Final Macro Processing ...

Processing Unit <P3_S2P_all> :
	Found 13-bit shift register for signal <U1/reg_int_44>.
	Found 13-bit shift register for signal <U1/reg_int_12>.
Unit <P3_S2P_all> processed.

=========================================================================
Final Register Report

Macro Statistics
# Registers                                            : 78
 Flip-Flops                                            : 78
# Shift Registers                                      : 2
 13-bit shift register                                 : 2

=========================================================================

=========================================================================
*                           Partition Report                            *
=========================================================================

Partition Implementation Status
-------------------------------

  No Partitions were found in this design.

-------------------------------

=========================================================================
*                            Final Report                               *
=========================================================================
Final Results
RTL Top Level Output File Name     : P3_S2P_all.ngr
Top Level Output File Name         : P3_S2P_all
Output Format                      : NGC
Optimization Goal                  : Speed
Keep Hierarchy                     : No

Design Statistics
# IOs                              : 45

Cell Usage :
# BELS                             : 4
#      GND                         : 1
#      LUT2                        : 2
#      VCC                         : 1
# FlipFlops/Latches                : 94
#      FDCE                        : 92
#      FDE                         : 2
# Shift Registers                  : 2
#      SRL16E                      : 2
# Clock Buffers                    : 1
#      BUFGP                       : 1
# IO Buffers                       : 44
#      IBUF                        : 4
#      OBUF                        : 40
=========================================================================

Device utilization summary:
---------------------------

Selected Device : 3s400fg320-5 

 Number of Slices:                       54  out of   3584     1%  
 Number of Slice Flip Flops:             94  out of   7168     1%  
 Number of 4 input LUTs:                  4  out of   7168     0%  
    Number used as logic:                 2
    Number used as Shift registers:       2
 Number of IOs:                          45
 Number of bonded IOBs:                  45  out of    221    20%  
 Number of GCLKs:                         1  out of      8    12%  

---------------------------
Partition Resource Summary:
---------------------------

  No Partitions were found in this design.

---------------------------


=========================================================================
TIMING REPORT

NOTE: THESE TIMING NUMBERS ARE ONLY A SYNTHESIS ESTIMATE.
      FOR ACCURATE TIMING INFORMATION PLEASE REFER TO THE TRACE REPORT
      GENERATED AFTER PLACE-and-ROUTE.

Clock Information:
------------------
-----------------------------------+------------------------+-------+
Clock Signal                       | Clock buffer(FF name)  | Load  |
-----------------------------------+------------------------+-------+
clk                                | BUFGP                  | 96    |
-----------------------------------+------------------------+-------+

Asynchronous Control Signals Information:
----------------------------------------
-----------------------------------+------------------------+-------+
Control Signal                     | Buffer(FF name)        | Load  |
-----------------------------------+------------------------+-------+
reset                              | IBUF                   | 92    |
-----------------------------------+------------------------+-------+

Timing Summary:
---------------
Speed Grade: -5

   Minimum period: 2.956ns (Maximum Frequency: 338.295MHz)
   Minimum input arrival time before clock: 2.931ns
   Maximum output required time after clock: 6.216ns
   Maximum combinational path delay: No path found

Timing Detail:
--------------
All values displayed in nanoseconds (ns)

=========================================================================
Timing constraint: Default period analysis for Clock 'clk'
  Clock period: 2.956ns (frequency: 338.295MHz)
  Total number of paths / destination ports: 96 / 94
-------------------------------------------------------------------------
Delay:               2.956ns (Levels of Logic = 0)
  Source:            U1/Mshreg_reg_int_44 (FF)
  Destination:       U1/reg_int_441 (FF)
  Source Clock:      clk rising
  Destination Clock: clk rising

  Data Path: U1/Mshreg_reg_int_44 to U1/reg_int_441
                                Gate     Net
    Cell:in->out      fanout   Delay   Delay  Logical Name (Net Name)
    ----------------------------------------  ------------
     SRL16E:CLK->Q         1   2.780   0.000  U1/Mshreg_reg_int_44 (U1/Mshreg_reg_int_44)
     FDE:D                     0.176          U1/reg_int_441
    ----------------------------------------
    Total                      2.956ns (2.956ns logic, 0.000ns route)
                                       (100.0% logic, 0.0% route)

=========================================================================
Timing constraint: Default OFFSET IN BEFORE for Clock 'clk'
  Total number of paths / destination ports: 97 / 97
-------------------------------------------------------------------------
Offset:              2.931ns (Levels of Logic = 1)
  Source:            enable_s2p (PAD)
  Destination:       U1/reg_int_63 (FF)
  Destination Clock: clk rising

  Data Path: enable_s2p to U1/reg_int_63
                                Gate     Net
    Cell:in->out      fanout   Delay   Delay  Logical Name (Net Name)
    ----------------------------------------  ------------
     IBUF:I->O            56   0.715   1.692  enable_s2p_IBUF (enable_s2p_IBUF)
     FDCE:CE                   0.524          U1/reg_int_13
    ----------------------------------------
    Total                      2.931ns (1.239ns logic, 1.692ns route)
                                       (42.3% logic, 57.7% route)

=========================================================================
Timing constraint: Default OFFSET OUT AFTER for Clock 'clk'
  Total number of paths / destination ports: 40 / 40
-------------------------------------------------------------------------
Offset:              6.216ns (Levels of Logic = 1)
  Source:            U2/data_L_temp_19 (FF)
  Destination:       data_ADC_L<19> (PAD)
  Source Clock:      clk rising

  Data Path: U2/data_L_temp_19 to data_ADC_L<19>
                                Gate     Net
    Cell:in->out      fanout   Delay   Delay  Logical Name (Net Name)
    ----------------------------------------  ------------
     FDCE:C->Q             1   0.626   0.681  U2/data_L_temp_19 (U2/data_L_temp_19)
     OBUF:I->O                 4.909          data_ADC_L_19_OBUF (data_ADC_L<19>)
    ----------------------------------------
    Total                      6.216ns (5.535ns logic, 0.681ns route)
                                       (89.0% logic, 11.0% route)

=========================================================================


Total REAL time to Xst completion: 1.00 secs
Total CPU time to Xst completion: 1.59 secs
 
--> 

Total memory usage is 186500 kilobytes

Number of errors   :    0 (   0 filtered)
Number of warnings :    2 (   0 filtered)
Number of infos    :    0 (   0 filtered)

